---
source: arhiv-scraper/src/lib.rs
assertion_line: 248
expression: result

---
{
  "cover": "[cover_attachment_id]",
  "description": "This Game of the Year Edition now includes bonus content*:\n\n- Reflection and Gauntlet of Strength - new boss challenge modes\n- Remnants - leave messages and recordings of your actions that other players can view and rate\n- 3 unlockable cosmetic skins\n\nGame of the Year - The Game Awards 2019\nBest Action Game of 2019 - IGN\nOver 50 awards and nominations\n\nCarve your own clever path to vengeance in the critically acclaimed adventure from developer FromSoftware, creators of the Dark Souls series.\n\nIn Sekiro™: Shadows Die Twice you are the 'one-armed wolf', a disgraced and disfigured warrior rescued from the brink of death. Bound to protect a young lord who is the descendant of an ancient bloodline, you become the target of many vicious enemies, including the dangerous Ashina clan. When the young lord is captured, nothing will stop you on a perilous quest to regain your honor, not even death itself.\n\nExplore late 1500s Sengoku Japan, a brutal period of constant life and death conflict, as you come face to face with larger than life foes in a dark and twisted world. Unleash an arsenal of deadly prosthetic tools and powerful ninja abilities while you blend stealth, vertical traversal, and visceral head to head combat in a bloody confrontation.\n\nTake Revenge. Restore Your Honor. Kill Ingeniously.\n\n*Download required.\n\nInternet connection required for asynchronous Multiplayer.",
  "developers": "FromSoftware",
  "name": "Sekiro™: Shadows Die Twice - GOTY Edition",
  "release_date": "21 Mar, 2019"
}
